✔ CSV supports BOM, CRLF, doubled quotes, embedded commas and newlines (0.751292ms)
✔ Empty, header-only, missing/duplicate headers and malformed quoting are explained (0.298167ms)
✔ CSV input bounds count nonempty records and UTF-8 bytes (0.561084ms)
✔ Header order can differ; invalid records do not discard valid records (0.340708ms)
✔ Missing values, zero/negative/exponent and over-precision amounts are invalid (0.270625ms)
✔ Repeats use normalized transaction/address pairs, even with different expectations (0.115458ms)
✔ Exact integer comparisons distinguish matching, below and above expected net (3.095083ms)
✔ Same transaction at two addresses reuses evidence, but refreshes observed head (0.478083ms)
✔ Partial RPC failure keeps preceding results and continues to a later transaction (0.492042ms)
✔ Cancellation retains finished rows and prevents remaining requests (0.616625ms)
✔ In-flight cancellation marks current row and never starts later rows (0.619083ms)
✔ Rate limiting stops extra queries without losing earlier rows (0.133291ms)
✔ No invalid or duplicate input makes an RPC call; tampered descriptors are revalidated (0.280666ms)
✔ Exception CSV round-trips escaped delimiters and protects formula starters (0.3425ms)
✔ Normal swap zero net compares expectation without an unpaid-invoice verdict (11.174ms)
✔ Public sample is five records, with one repeat and an explicitly unknown hash (0.118292ms)
✔ Exactly 100000-byte accepted CSV runs without serialization expansion (6.661916ms)
✔ Malformed extra CSV fields stay invalid during descriptor revalidation (0.490708ms)
✔ Paced reader enforces monotonic minimum spacing and cached reads stay local (31.461541ms)
✔ Order CSV validates headers, limits, row fields and order IDs without discarding other rows (7.7045ms)
✔ Order labels are case-sensitive; total spelling is normalized with exact integer units (0.323834ms)
✔ Conflicting order totals block comparison and query eligibility (0.251916ms)
✔ Identical repeated assignment counts once and warns without asserting extra payment (2.834667ms)
✔ One hash across orders blocks both allocations before any RPC (0.214292ms)
✔ One hash at different addresses is blocked even within one order (0.086792ms)
✔ Invalid order definitions cannot hide a cross-order hash allocation (0.075375ms)
✔ Distinct partial transfers aggregate exactly, without repeating the order total (0.315584ms)
✔ One-wei aggregate difference survives above/below comparison (1.072167ms)
✔ One failed partial observation prevents a match even if an observed row equals the total (0.317875ms)
✔ Zero and outgoing components stay visible in aggregate net with context warnings (0.412166ms)
✔ A malformed row remains incomplete after bundle export and recomputation (0.380209ms)
✔ Other orders still verify when a separate allocation is conflicted (0.148917ms)
✔ Cancellation keeps earlier net but leaves the multi-payment order incomplete (0.164083ms)
✔ Rate limit stops later order queries and keeps explicit incomplete states (0.550417ms)
✔ Order CSV export escapes labels and makes formula-like IDs literal text (0.314ms)
✔ Bundle recomputation ignores claimed totals and reveals tampered receipt amounts (0.398792ms)
✔ Saved synthetic or mismatched transaction evidence is not counted (0.279709ms)
✔ No metadata mutation can promote an invalid assignment into a complete order (0.102833ms)
✔ Both demo files keep unmistakable illustrative order IDs and defined conflict roles (0.250209ms)
✔ Exactly 100000-byte order file stays runnable without re-serialization (3.289833ms)
✔ Independent invalid-address conflict fixture blocks both orders before RPC (3.810667ms)
✔ Missing, zero and malformed addresses cannot hide same-hash order allocation (0.426125ms)
✔ Unknown order labels cannot hide a valid hash in another assignment (0.08375ms)
✔ Extra-only malformed input stays visible and survives run, bundle and recomputation (0.283209ms)
✔ Independent twenty-one nonempty-record fixture is rejected before projection (0.815875ms)
✔ Extra-field descriptor metadata cannot promote invalid data or bypass byte bound (0.197583ms)
✔ default observation policy follows Arc commit finality, extra blocks are optional (0.574583ms)
✔ ERC20 six-decimal amount cannot disagree with canonical stream (0.574583ms)
✔ ERC20 duplicate without a second system counterpart is rejected (0.114708ms)
✔ under and over expected amounts have exact signed decimal differences (2.613083ms)
✔ positive result explains all six checks, missing expectation is explicitly unrequested (0.280125ms)
✔ receipt time is derived from canonical block and invalid range is rejected (1.610542ms)
✔ invalid status and malformed log topics produce explicit evidence errors (0.326042ms)
✔ RPC null JSON response fails with readable RPC error (0.270375ms)
✔ explicit cancellation is distinct from outage (0.224041ms)
✔ saved receipt amounts and status are recomputed, tampering is visible (0.644083ms)
✔ import rejects malformed files, synthetic evidence and oversized JSON (0.173542ms)
✔ fresh recheck does not trust saved endpoint and refreshes observed head (0.275083ms)
✔ fresh recheck exposes changed immutable evidence instead of trusting old claim (0.262125ms)
✔ readable export is script-free, escaped and states trust boundaries (0.376917ms)
✔ precision trail preserves exact raw units and links two logs to one movement (0.08275ms)
✔ native-only precision trail does not invent an ERC20 mirror (0.050875ms)
✔ pair tracing is independent of receipt log order (0.046834ms)
✔ identical transfers each consume a different canonical counterpart (0.056292ms)
✔ import recomputes precision claims and flags an altered trace while accepting older files (0.177875ms)
✔ readable receipt includes paired raw units and escapes precision fields (0.130709ms)
✔ real empty-calldata direct send is a net observation, not merchant identity (3.698417ms)
✔ 0.000001 expected-net difference is exact and explicitly compares net (0.16ms)
✔ normal swap intermediary shows gross directions and no assumed expected net (0.1785ms)
✔ same swap has positive net at its final recipient; intermediary zero cannot decide invoice settlement (0.112125ms)
✔ mint-only balance increase is explicitly excluded rather than called missing funds (0.300292ms)
✔ sweep with valid incoming transfer and same-transaction forwarding is not an unpaid-invoice verdict (7.069833ms)
✔ outgoing-only burn stays a visible negative flow instead of being presented as zero (0.159875ms)
✔ imported presentation or invoice claims are not trusted; recompute then fresh read preserves fixed basis (0.541708ms)
✔ Arc ERC-20 dual stream is counted once, with exact 18-decimal arithmetic (6.68325ms)
✔ native-only transfer qualifies (0.355792ms)
✔ ERC-20 event alone does not substitute for the mainnet system stream (0.490833ms)
✔ same event or symbol from another token never qualifies (0.229042ms)
✔ testnet and arbitrary chain IDs fail closed (0.181916ms)
✔ failed transaction with convincing logs is rejected (0.137875ms)
✔ pending or absent receipt is rejected (0.135792ms)
✔ receipt transaction identity must match (0.153459ms)
✔ canonical block mismatch detects reorg/inconsistency (0.153542ms)
✔ canonical block number must match (0.245209ms)
✔ missing canonical block cannot verify (1.051375ms)
✔ removed, foreign and wrongly attributed logs fail closed (0.432291ms)
✔ duplicate indices are rejected, not counted twice (0.233208ms)
✔ malformed Transfer ABI cannot pass (0.110875ms)
✔ mint, burn, self and zero movement are not invoice payments (0.189291ms)
✔ wrong recipient does not pass (0.069916ms)
✔ low confirmations remain unverified by policy (0.048875ms)
✔ RPC head behind receipt is inconsistent (0.037167ms)
✔ amount mismatch catches overpayment and underpayment (0.063708ms)
✔ no expected amount means observed transfer only (0.034833ms)
✔ outgoing refunds reduce net; full refund does not count as paid (0.088334ms)
✔ burning received funds reduces net retained receipt (0.053333ms)
✔ multiple incoming movements aggregate without using transaction to/value (0.046666ms)
✔ exact dust amounts and huge integers avoid floating point (0.030792ms)
✔ malformed inputs, zero, negative, scientific notation and excessive precision rejected (0.126791ms)
✔ malformed JSON-RPC quantities fail closed (0.091792ms)
✔ network orchestration rechecks chain before querying receipt (1.514125ms)
✔ network orchestration uses canonical numbered block and exports evidence (0.579292ms)
✔ RPC disallows writes and unknown endpoints without fetching (0.180542ms)
✔ RPC checks response identity, errors, HTTP and invalid JSON (0.270292ms)
✔ RPC uses official URL without credentials and bounded timeout (0.075083ms)
ℹ tests 105
ℹ suites 0
ℹ pass 105
ℹ fail 0
ℹ cancelled 0
ℹ skipped 0
ℹ todo 0
ℹ duration_ms 115.70125
